[2026-10-09 11:39:57] xbox_us: ok, sem novidade {'pre-order': 0, 'preorder': 0, 'x25': 0, 'series x25': 0, 'series x 25': 0, 'x25 limited': 0, 'x25 special': 0, 'sx 25th': 0, '25th anniversary': 26, 'shop now': 0}
[2026-10-09 11:39:58] xbox_us_consoles: ok, sem novidade {'pre-order': 0, 'preorder': 0, 'x25': 10, 'series x25': 0, 'series x 25': 0, 'x25 limited': 0, 'x25 special': 0, 'sx 25th': 0, '25th anniversary': 6}
[2026-10-09 11:40:10] msstore_us: ok, sem novidade {'pre-order': 3, 'preorder': 12, 'x25': 33, 'series x25': 11, 'series x 25': 0, 'x25 limited': 6, 'x25 special': 1, 'sx 25th': 0, '25th anniversary': 0}
[2026-10-09 11:40:12] newegg_us: ok, sem novidade {'pre-order': 0, 'preorder': 0, 'x25': 15, 'series x25': 15, 'series x 25': 0, 'x25 limited': 0, 'x25 special': 0, 'sx 25th': 0, '25th anniversary': 0}
[2026-10-09 11:40:13] target_us: ok, sem novidade {'pre-order': 0, 'preorder': 0, 'x25': 14, 'series x25': 12, 'series x 25': 0, 'x25 limited': 0, 'x25 special': 0, 'sx 25th': 0, '25th anniversary': 0}
[2026-10-09 11:40:14] walmart_us: ok, sem novidade {'pre-order': 0, 'preorder': 0, 'x25': 0, 'series x25': 0, 'series x 25': 0, 'x25 limited': 0, 'x25 special': 0, 'sx 25th': 0, '25th anniversary': 0}
[2026-10-09 11:40:16] xbox_br: ok, sem novidade {'pre-order': 0, 'preorder': 0, 'x25': 0, 'series x25': 0, 'series x 25': 0, 'x25 limited': 0, 'x25 special': 0, 'sx 25th': 0, '25th anniversary': 2, 'pré-venda': 0, '25 anos': 8}
[2026-10-09 11:40:56] xbox_us: ok, sem novidade {'pre-order': 0, 'preorder': 0, 'x25': 0, 'series x25': 0, 'series x 25': 0, 'x25 limited': 0, 'x25 special': 0, 'sx 25th': 0, '25th anniversary': 26, 'shop now': 0}
[2026-10-09 11:40:57] xbox_us_consoles: ok, sem novidade {'pre-order': 0, 'preorder': 0, 'x25': 10, 'series x25': 0, 'series x 25': 0, 'x25 limited': 0, 'x25 special': 0, 'sx 25th': 0, '25th anniversary': 6}
[2026-10-09 11:41:09] msstore_us: ok, sem novidade {'pre-order': 3, 'preorder': 12, 'x25': 33, 'series x25': 11, 'series x 25': 0, 'x25 limited': 6, 'x25 special': 1, 'sx 25th': 0, '25th anniversary': 0}
[2026-10-09 11:41:10] newegg_us: ok, sem novidade {'pre-order': 0, 'preorder': 0, 'x25': 15, 'series x25': 15, 'series x 25': 0, 'x25 limited': 0, 'x25 special': 0, 'sx 25th': 0, '25th anniversary': 0}
[2026-10-09 11:41:12] target_us: ok, sem novidade {'pre-order': 0, 'preorder': 0, 'x25': 14, 'series x25': 12, 'series x 25': 0, 'x25 limited': 0, 'x25 special': 0, 'sx 25th': 0, '25th anniversary': 0}
[2026-10-09 11:41:13] walmart_us: ok, sem novidade {'pre-order': 0, 'preorder': 0, 'x25': 0, 'series x25': 0, 'series x 25': 0, 'x25 limited': 0, 'x25 special': 0, 'sx 25th': 0, '25th anniversary': 0}
[2026-10-09 11:41:14] xbox_br: ok, sem novidade {'pre-order': 0, 'preorder': 0, 'x25': 0, 'series x25': 0, 'series x 25': 0, 'x25 limited': 0, 'x25 special': 0, 'sx 25th': 0, '25th anniversary': 2, 'pré-venda': 0, '25 anos': 8}
[2026-10-09 11:41:56] xbox_us: ok, sem novidade {'pre-order': 0, 'preorder': 0, 'x25': 0, 'series x25': 0, 'series x 25': 0, 'x25 limited': 0, 'x25 special': 0, 'sx 25th': 0, '25th anniversary': 26, 'shop now': 0}
[2026-10-09 11:41:57] xbox_us_consoles: ok, sem novidade {'pre-order': 0, 'preorder': 0, 'x25': 10, 'series x25': 0, 'series x 25': 0, 'x25 limited': 0, 'x25 special': 0, 'sx 25th': 0, '25th anniversary': 6}
[2026-10-09 11:42:07] msstore_us: ok, sem novidade {'pre-order': 3, 'preorder': 12, 'x25': 33, 'series x25': 11, 'series x 25': 0, 'x25 limited': 6, 'x25 special': 1, 'sx 25th': 0, '25th anniversary': 0}
[2026-10-09 11:42:08] newegg_us: ok, sem novidade {'pre-order': 0, 'preorder': 0, 'x25': 15, 'series x25': 15, 'series x 25': 0, 'x25 limited': 0, 'x25 special': 0, 'sx 25th': 0, '25th anniversary': 0}
[2026-10-09 11:42:10] target_us: ok, sem novidade {'pre-order': 0, 'preorder': 0, 'x25': 14, 'series x25': 12, 'series x 25': 0, 'x25 limited': 0, 'x25 special': 0, 'sx 25th': 0, '25th anniversary': 0}
[2026-10-09 11:42:11] walmart_us: ok, sem novidade {'pre-order': 0, 'preorder': 0, 'x25': 0, 'series x25': 0, 'series x 25': 0, 'x25 limited': 0, 'x25 special': 0, 'sx 25th': 0, '25th anniversary': 0}
[2026-10-09 11:42:12] xbox_br: ok, sem novidade {'pre-order': 0, 'preorder': 0, 'x25': 0, 'series x25': 0, 'series x 25': 0, 'x25 limited': 0, 'x25 special': 0, 'sx 25th': 0, '25th anniversary': 2, 'pré-venda': 0, '25 anos': 8}
[2026-10-09 11:42:57] xbox_us: ok, sem novidade {'pre-order': 0, 'preorder': 0, 'x25': 0, 'series x25': 0, 'series x 25': 0, 'x25 limited': 0, 'x25 special': 0, 'sx 25th': 0, '25th anniversary': 26, 'shop now': 0}
[2026-10-09 11:42:58] xbox_us_consoles: ok, sem novidade {'pre-order': 0, 'preorder': 0, 'x25': 10, 'series x25': 0, 'series x 25': 0, 'x25 limited': 0, 'x25 special': 0, 'sx 25th': 0, '25th anniversary': 6}
[2026-10-09 11:43:09] msstore_us: ok, sem novidade {'pre-order': 3, 'preorder': 12, 'x25': 33, 'series x25': 11, 'series x 25': 0, 'x25 limited': 6, 'x25 special': 1, 'sx 25th': 0, '25th anniversary': 0}
[2026-10-09 11:43:10] newegg_us: ok, sem novidade {'pre-order': 0, 'preorder': 0, 'x25': 15, 'series x25': 15, 'series x 25': 0, 'x25 limited': 0, 'x25 special': 0, 'sx 25th': 0, '25th anniversary': 0}
[2026-10-09 11:43:12] target_us: ok, sem novidade {'pre-order': 0, 'preorder': 0, 'x25': 14, 'series x25': 12, 'series x 25': 0, 'x25 limited': 0, 'x25 special': 0, 'sx 25th': 0, '25th anniversary': 0}
[2026-10-09 11:43:13] walmart_us: ok, sem novidade {'pre-order': 0, 'preorder': 0, 'x25': 0, 'series x25': 0, 'series x 25': 0, 'x25 limited': 0, 'x25 special': 0, 'sx 25th': 0, '25th anniversary': 0}
[2026-10-09 11:43:14] xbox_br: ok, sem novidade {'pre-order': 0, 'preorder': 0, 'x25': 0, 'series x25': 0, 'series x 25': 0, 'x25 limited': 0, 'x25 special': 0, 'sx 25th': 0, '25th anniversary': 2, 'pré-venda': 0, '25 anos': 8}
[2026-10-09 11:43:56] xbox_us: ok, sem novidade {'pre-order': 0, 'preorder': 0, 'x25': 0, 'series x25': 0, 'series x 25': 0, 'x25 limited': 0, 'x25 special': 0, 'sx 25th': 0, '25th anniversary': 26, 'shop now': 0}
[2026-10-09 11:43:57] xbox_us_consoles: ok, sem novidade {'pre-order': 0, 'preorder': 0, 'x25': 10, 'series x25': 0, 'series x 25': 0, 'x25 limited': 0, 'x25 special': 0, 'sx 25th': 0, '25th anniversary': 6}
[2026-10-09 11:44:09] msstore_us: ok, sem novidade {'pre-order': 3, 'preorder': 12, 'x25': 33, 'series x25': 11, 'series x 25': 0, 'x25 limited': 6, 'x25 special': 1, 'sx 25th': 0, '25th anniversary': 0}
[2026-10-09 11:44:11] newegg_us: ok, sem novidade {'pre-order': 0, 'preorder': 0, 'x25': 15, 'series x25': 15, 'series x 25': 0, 'x25 limited': 0, 'x25 special': 0, 'sx 25th': 0, '25th anniversary': 0}
[2026-10-09 11:44:13] target_us: ok, sem novidade {'pre-order': 0, 'preorder': 0, 'x25': 14, 'series x25': 12, 'series x 25': 0, 'x25 limited': 0, 'x25 special': 0, 'sx 25th': 0, '25th anniversary': 0}
[2026-10-09 11:44:14] walmart_us: ok, sem novidade {'pre-order': 0, 'preorder': 0, 'x25': 0, 'series x25': 0, 'series x 25': 0, 'x25 limited': 0, 'x25 special': 0, 'sx 25th': 0, '25th anniversary': 0}
[2026-10-09 11:44:15] xbox_br: ok, sem novidade {'pre-order': 0, 'preorder': 0, 'x25': 0, 'series x25': 0, 'series x 25': 0, 'x25 limited': 0, 'x25 special': 0, 'sx 25th': 0, '25th anniversary': 2, 'pré-venda': 0, '25 anos': 8}
[2026-10-09 11:44:56] xbox_us: ok, sem novidade {'pre-order': 0, 'preorder': 0, 'x25': 0, 'series x25': 0, 'series x 25': 0, 'x25 limited': 0, 'x25 special': 0, 'sx 25th': 0, '25th anniversary': 26, 'shop now': 0}
[2026-10-09 11:44:57] xbox_us_consoles: ok, sem novidade {'pre-order': 0, 'preorder': 0, 'x25': 10, 'series x25': 0, 'series x 25': 0, 'x25 limited': 0, 'x25 special': 0, 'sx 25th': 0, '25th anniversary': 6}
[2026-10-09 11:45:08] msstore_us: ok, sem novidade {'pre-order': 3, 'preorder': 12, 'x25': 33, 'series x25': 11, 'series x 25': 0, 'x25 limited': 6, 'x25 special': 1, 'sx 25th': 0, '25th anniversary': 0}
[2026-10-09 11:45:10] newegg_us: ok, sem novidade {'pre-order': 0, 'preorder': 0, 'x25': 16, 'series x25': 16, 'series x 25': 0, 'x25 limited': 0, 'x25 special': 0, 'sx 25th': 0, '25th anniversary': 0}
[2026-10-09 11:45:12] target_us: ok, sem novidade {'pre-order': 0, 'preorder': 0, 'x25': 14, 'series x25': 12, 'series x 25': 0, 'x25 limited': 0, 'x25 special': 0, 'sx 25th': 0, '25th anniversary': 0}
[2026-10-09 11:45:13] walmart_us: ok, sem novidade {'pre-order': 0, 'preorder': 0, 'x25': 0, 'series x25': 0, 'series x 25': 0, 'x25 limited': 0, 'x25 special': 0, 'sx 25th': 0, '25th anniversary': 0}
[2026-10-09 11:45:14] xbox_br: ok, sem novidade {'pre-order': 0, 'preorder': 0, 'x25': 0, 'series x25': 0, 'series x 25': 0, 'x25 limited': 0, 'x25 special': 0, 'sx 25th': 0, '25th anniversary': 2, 'pré-venda': 0, '25 anos': 8}
[2026-10-09 11:45:56] xbox_us: ok, sem novidade {'pre-order': 0, 'preorder': 0, 'x25': 0, 'series x25': 0, 'series x 25': 0, 'x25 limited': 0, 'x25 special': 0, 'sx 25th': 0, '25th anniversary': 26, 'shop now': 0}
[2026-10-09 11:45:57] xbox_us_consoles: ok, sem novidade {'pre-order': 0, 'preorder': 0, 'x25': 10, 'series x25': 0, 'series x 25': 0, 'x25 limited': 0, 'x25 special': 0, 'sx 25th': 0, '25th anniversary': 6}
[2026-10-09 11:46:07] msstore_us: ok, sem novidade {'pre-order': 3, 'preorder': 12, 'x25': 33, 'series x25': 11, 'series x 25': 0, 'x25 limited': 6, 'x25 special': 1, 'sx 25th': 0, '25th anniversary': 0}
[2026-10-09 11:46:08] newegg_us: ok, sem novidade {'pre-order': 0, 'preorder': 0, 'x25': 16, 'series x25': 16, 'series x 25': 0, 'x25 limited': 0, 'x25 special': 0, 'sx 25th': 0, '25th anniversary': 0}
[2026-10-09 11:46:10] target_us: ok, sem novidade {'pre-order': 0, 'preorder': 0, 'x25': 14, 'series x25': 12, 'series x 25': 0, 'x25 limited': 0, 'x25 special': 0, 'sx 25th': 0, '25th anniversary': 0}
[2026-10-09 11:46:11] walmart_us: ok, sem novidade {'pre-order': 0, 'preorder': 0, 'x25': 0, 'series x25': 0, 'series x 25': 0, 'x25 limited': 0, 'x25 special': 0, 'sx 25th': 0, '25th anniversary': 0}
[2026-10-09 11:46:12] xbox_br: ok, sem novidade {'pre-order': 0, 'preorder': 0, 'x25': 0, 'series x25': 0, 'series x 25': 0, 'x25 limited': 0, 'x25 special': 0, 'sx 25th': 0, '25th anniversary': 2, 'pré-venda': 0, '25 anos': 8}
[2026-10-09 11:46:56] xbox_us: ok, sem novidade {'pre-order': 0, 'preorder': 0, 'x25': 0, 'series x25': 0, 'series x 25': 0, 'x25 limited': 0, 'x25 special': 0, 'sx 25th': 0, '25th anniversary': 26, 'shop now': 0}
[2026-10-09 11:46:58] xbox_us_consoles: ok, sem novidade {'pre-order': 0, 'preorder': 0, 'x25': 10, 'series x25': 0, 'series x 25': 0, 'x25 limited': 0, 'x25 special': 0, 'sx 25th': 0, '25th anniversary': 6}
[2026-10-09 11:47:09] msstore_us: ok, sem novidade {'pre-order': 3, 'preorder': 12, 'x25': 33, 'series x25': 11, 'series x 25': 0, 'x25 limited': 6, 'x25 special': 1, 'sx 25th': 0, '25th anniversary': 0}
[2026-10-09 11:47:10] newegg_us: ok, sem novidade {'pre-order': 0, 'preorder': 0, 'x25': 15, 'series x25': 15, 'series x 25': 0, 'x25 limited': 0, 'x25 special': 0, 'sx 25th': 0, '25th anniversary': 0}
[2026-10-09 11:47:11] target_us: ok, sem novidade {'pre-order': 0, 'preorder': 0, 'x25': 14, 'series x25': 12, 'series x 25': 0, 'x25 limited': 0, 'x25 special': 0, 'sx 25th': 0, '25th anniversary': 0}
[2026-10-09 11:47:13] walmart_us: ok, sem novidade {'pre-order': 0, 'preorder': 0, 'x25': 0, 'series x25': 0, 'series x 25': 0, 'x25 limited': 0, 'x25 special': 0, 'sx 25th': 0, '25th anniversary': 0}
[2026-10-09 11:47:14] xbox_br: ok, sem novidade {'pre-order': 0, 'preorder': 0, 'x25': 0, 'series x25': 0, 'series x 25': 0, 'x25 limited': 0, 'x25 special': 0, 'sx 25th': 0, '25th anniversary': 2, 'pré-venda': 0, '25 anos': 8}
[2026-10-09 11:47:56] xbox_us: ok, sem novidade {'pre-order': 0, 'preorder': 0, 'x25': 0, 'series x25': 0, 'series x 25': 0, 'x25 limited': 0, 'x25 special': 0, 'sx 25th': 0, '25th anniversary': 26, 'shop now': 0}
[2026-10-09 11:47:57] xbox_us_consoles: ok, sem novidade {'pre-order': 0, 'preorder': 0, 'x25': 10, 'series x25': 0, 'series x 25': 0, 'x25 limited': 0, 'x25 special': 0, 'sx 25th': 0, '25th anniversary': 6}
[2026-10-09 11:48:08] msstore_us: ok, sem novidade {'pre-order': 3, 'preorder': 12, 'x25': 33, 'series x25': 11, 'series x 25': 0, 'x25 limited': 6, 'x25 special': 1, 'sx 25th': 0, '25th anniversary': 0}
[2026-10-09 11:48:09] newegg_us: ok, sem novidade {'pre-order': 0, 'preorder': 0, 'x25': 15, 'series x25': 15, 'series x 25': 0, 'x25 limited': 0, 'x25 special': 0, 'sx 25th': 0, '25th anniversary': 0}
[2026-10-09 11:48:11] target_us: ok, sem novidade {'pre-order': 0, 'preorder': 0, 'x25': 14, 'series x25': 12, 'series x 25': 0, 'x25 limited': 0, 'x25 special': 0, 'sx 25th': 0, '25th anniversary': 0}
[2026-10-09 11:48:12] walmart_us: ok, sem novidade {'pre-order': 0, 'preorder': 0, 'x25': 0, 'series x25': 0, 'series x 25': 0, 'x25 limited': 0, 'x25 special': 0, 'sx 25th': 0, '25th anniversary': 0}
[2026-10-09 11:48:13] xbox_br: ok, sem novidade {'pre-order': 0, 'preorder': 0, 'x25': 0, 'series x25': 0, 'series x 25': 0, 'x25 limited': 0, 'x25 special': 0, 'sx 25th': 0, '25th anniversary': 2, 'pré-venda': 0, '25 anos': 8}
[2026-10-09 11:48:57] xbox_us: ok, sem novidade {'pre-order': 0, 'preorder': 0, 'x25': 0, 'series x25': 0, 'series x 25': 0, 'x25 limited': 0, 'x25 special': 0, 'sx 25th': 0, '25th anniversary': 26, 'shop now': 0}
[2026-10-09 11:48:58] xbox_us_consoles: ok, sem novidade {'pre-order': 0, 'preorder': 0, 'x25': 10, 'series x25': 0, 'series x 25': 0, 'x25 limited': 0, 'x25 special': 0, 'sx 25th': 0, '25th anniversary': 6}
[2026-10-09 11:49:09] msstore_us: ok, sem novidade {'pre-order': 3, 'preorder': 12, 'x25': 33, 'series x25': 11, 'series x 25': 0, 'x25 limited': 6, 'x25 special': 1, 'sx 25th': 0, '25th anniversary': 0}
[2026-10-09 11:49:10] newegg_us: ok, sem novidade {'pre-order': 0, 'preorder': 0, 'x25': 15, 'series x25': 15, 'series x 25': 0, 'x25 limited': 0, 'x25 special': 0, 'sx 25th': 0, '25th anniversary': 0}
[2026-10-09 11:49:11] target_us: ok, sem novidade {'pre-order': 0, 'preorder': 0, 'x25': 14, 'series x25': 12, 'series x 25': 0, 'x25 limited': 0, 'x25 special': 0, 'sx 25th': 0, '25th anniversary': 0}
[2026-10-09 11:49:12] walmart_us: ok, sem novidade {'pre-order': 0, 'preorder': 0, 'x25': 0, 'series x25': 0, 'series x 25': 0, 'x25 limited': 0, 'x25 special': 0, 'sx 25th': 0, '25th anniversary': 0}
[2026-10-09 11:49:14] xbox_br: ok, sem novidade {'pre-order': 0, 'preorder': 0, 'x25': 0, 'series x25': 0, 'series x 25': 0, 'x25 limited': 0, 'x25 special': 0, 'sx 25th': 0, '25th anniversary': 2, 'pré-venda': 0, '25 anos': 8}
